// Jest Snapshot v1, https://goo.gl/fbAQLP

exports[`Test Cases for Markers Snapshot 1`] = `<Fragment />`;
