// Jest Snapshot v1, https://goo.gl/fbAQLP

exports[`Test Cases for Private Route Snapshot 1`] = `
<Route
  render={[Function]}
/>
`;
