// Jest Snapshot v1, https://goo.gl/fbAQLP

exports[`Test Case For Members Loader Snapshot 1`] = `<Fragment />`;
