// Jest Snapshot v1, https://goo.gl/fbAQLP

exports[`Test Case For Messages Count Snapshot 1`] = `
<MessagesCount
  channelName="pro.one"
>
  <WithStyles(ForwardRef(Typography))
    className="makeStyles-messagesCountFont-20"
  >
    <ForwardRef(Typography)
      className="makeStyles-messagesCountFont-20"
      classes={
        Object {
          "alignCenter": "MuiTypography-alignCenter",
          "alignJustify": "MuiTypography-alignJustify",
          "alignLeft": "MuiTypography-alignLeft",
          "alignRight": "MuiTypography-alignRight",
          "body1": "MuiTypography-body1",
          "body2": "MuiTypography-body2",
          "button": "MuiTypography-button",
          "caption": "MuiTypography-caption",
          "colorError": "MuiTypography-colorError",
          "colorInherit": "MuiTypography-colorInherit",
          "colorPrimary": "MuiTypography-colorPrimary",
          "colorSecondary": "MuiTypography-colorSecondary",
          "colorTextPrimary": "MuiTypography-colorTextPrimary",
          "colorTextSecondary": "MuiTypography-colorTextSecondary",
          "displayBlock": "MuiTypography-displayBlock",
          "displayInline": "MuiTypography-displayInline",
          "gutterBottom": "MuiTypography-gutterBottom",
          "h1": "MuiTypography-h1",
          "h2": "MuiTypography-h2",
          "h3": "MuiTypography-h3",
          "h4": "MuiTypography-h4",
          "h5": "MuiTypography-h5",
          "h6": "MuiTypography-h6",
          "noWrap": "MuiTypography-noWrap",
          "overline": "MuiTypography-overline",
          "paragraph": "MuiTypography-paragraph",
          "root": "MuiTypography-root",
          "srOnly": "MuiTypography-srOnly",
          "subtitle1": "MuiTypography-subtitle1",
          "subtitle2": "MuiTypography-subtitle2",
        }
      }
    >
      <p
        className="MuiTypography-root makeStyles-messagesCountFont-20 MuiTypography-body1"
      >
        Today(
        0
        )
      </p>
    </ForwardRef(Typography)>
  </WithStyles(ForwardRef(Typography))>
</MessagesCount>
`;
