// Jest Snapshot v1, https://goo.gl/fbAQLP

exports[`Test Case For Auth should render router 1`] = `
<Fragment>
  <WithStyles(CssBaseline) />
</Fragment>
`;
