// Jest Snapshot v1, https://goo.gl/fbAQLP

exports[`Test Case For Account List Snapshot 1`] = `<AccountListing />`;
